[
    {
        "type": "identify",
        "anonymousId": "XXXXX-XXXX-XXXX-XXXXX",
        "timestamp": "2022-02-01T00:09:13+00:00",
        "receivedAt": "2022-02-01T00:09:13+00:00",
        "messageId": "51c98fcc5afe2e959c5f288a8c9dd1c0",
        "traits": {
            "utm_term": "XX",
            "initial_utm_source": "XX",
            "initial_utm_medium": "email",
            "utm_campaign": "XX",
            "utm_medium": "email",
            "lastPageSession": "XXXXX-XXXX-XXXX-XXXXX",
            "initial_utm_campaign": "XX",
            "initial_utm_term": "XX",
            "lastSession": "XXXXX-XXXX-XXXX-XXXXX",
            "utm_source": "XX"
        }
    },
    {
        "type": "track",
        "anonymousId": "XXXXX-XXXX-XXXX-XXXXX",
        "timestamp": "2022-02-01T00:09:13+00:00",
        "receivedAt": "2022-02-01T00:09:13+00:00",
        "messageId": "51c98fcc5afe2e959c5f288a8c9dd1c0",
        "context": {
            "active": "ACTIVE",
            "campaign": {
                "source": "XX",
                "medium": "email"
            },
            "locale": "en_us",
            "location": {
                "country": "GB"
            },
            "os": {
                "name": "windows",
                "version": "10"
            },
            "page": {
                "search": "search?prop=value",
                "title": "Some title"
            },
            "traits": {
                "utm_term": "XX",
                "initial_utm_source": "XX",
                "initial_utm_medium": "email",
                "utm_campaign": "XX",
                "utm_medium": "email",
                "lastPageSession": "XXXXX-XXXX-XXXX-XXXXX",
                "initial_utm_campaign": "XX",
                "initial_utm_term": "XX",
                "lastSession": "XXXXX-XXXX-XXXX-XXXXX",
                "utm_source": "XX"
            }
        },
        "event": "_session.stop",
        "properties": {
            "date": "2022-01-31T16:20:00+00:00",
            "referer": "",
            "Email": "XXXX@XXX.XXX",
            "session": "XXXXX-XXXX-XXXX-XXXXX",
            "blog": "https:\/\/site.com",
            "title": "Some title",
            "pageSession": "XXXXX-XXXX-XXXX-XXXXX",
            "network": "https:\/\/site.com\/",
            "search": "search?prop=value",
            "host": "site.com",
            "networkId": "1",
            "IsExclusive": "false",
            "qv_utm_source": "XX",
            "loggedIn": "true",
            "qv_utm_medium": "email",
            "UserSubscriptionLevel": "Standard",
            "blogId": "1",
            "hash": "",
            "qv_mc_eid": "XXXXX",
            "elapsed": 3891,
            "scrollDepthNow": 0,
            "hour": 0,
            "month": 2,
            "year": 2022,
            "scrollDepthMax": 0,
            "day": 3
        }
    }
]
